  Determinando los proyectos que se van a restaurar...
C:\Users\cvida\source\framework\app_console\src\AgentOps.Infrastructure\AgentOps.Infrastructure.csproj : warning NU1603: AgentOps.Infrastructure depends on YamlDotNet (>= 12.1.2) but YamlDotNet 12.1.2 was not found. YamlDotNet 12.2.0 was resolved instead. [C:\Users\cvida\source\framework\app_console\AgentOps.Console.sln]
C:\Users\cvida\source\framework\app_console\tests\AgentOps.Infrastructure.Tests\AgentOps.Infrastructure.Tests.csproj : warning NU1603: AgentOps.Infrastructure depends on YamlDotNet (>= 12.1.2) but YamlDotNet 12.1.2 was not found. YamlDotNet 12.2.0 was resolved instead. [C:\Users\cvida\source\framework\app_console\AgentOps.Console.sln]
  Todos los proyectos est├ín actualizados para la restauraci├│n.
C:\Users\cvida\source\framework\app_console\tests\AgentOps.Infrastructure.Tests\AgentOps.Infrastructure.Tests.csproj : warning NU1603: AgentOps.Infrastructure depends on YamlDotNet (>= 12.1.2) but YamlDotNet 12.1.2 was not found. YamlDotNet 12.2.0 was resolved instead.
C:\Users\cvida\source\framework\app_console\src\AgentOps.Infrastructure\AgentOps.Infrastructure.csproj : warning NU1603: AgentOps.Infrastructure depends on YamlDotNet (>= 12.1.2) but YamlDotNet 12.1.2 was not found. YamlDotNet 12.2.0 was resolved instead.
  AgentOps.GitHub -> C:\Users\cvida\source\framework\app_console\src\AgentOps.GitHub\bin\Release\net10.0\AgentOps.GitHub.dll
  AgentOps.Core -> C:\Users\cvida\source\framework\app_console\src\AgentOps.Core\bin\Release\net10.0\AgentOps.Core.dll
  AgentOps.Security -> C:\Users\cvida\source\framework\app_console\src\AgentOps.Security\bin\Release\net10.0\AgentOps.Security.dll
  AgentOps.Agents -> C:\Users\cvida\source\framework\app_console\src\AgentOps.Agents\bin\Release\net10.0\AgentOps.Agents.dll
  AgentOps.Core.Tests -> C:\Users\cvida\source\framework\app_console\tests\AgentOps.Core.Tests\bin\Release\net10.0\AgentOps.Core.Tests.dll
  AgentOps.Security.Tests -> C:\Users\cvida\source\framework\app_console\tests\AgentOps.Security.Tests\bin\Release\net10.0\AgentOps.Security.Tests.dll
C:\Users\cvida\source\framework\app_console\src\AgentOps.Application\UseCases\CreateAgentDefinition\AuditEntry.cs(8,23): warning CS8618: El elemento propiedad "Action" que no acepta valores NULL debe contener un valor distinto de NULL al salir del constructor. Considere la posibilidad de agregar el modificador "required'"o declarar el propiedad como un valor que acepta valores NULL. [C:\Users\cvida\source\framework\app_console\src\AgentOps.Application\AgentOps.Application.csproj]
C:\Users\cvida\source\framework\app_console\src\AgentOps.Application\UseCases\CreateAgentDefinition\AuditEntry.cs(9,23): warning CS8618: El elemento propiedad "EntityType" que no acepta valores NULL debe contener un valor distinto de NULL al salir del constructor. Considere la posibilidad de agregar el modificador "required'"o declarar el propiedad como un valor que acepta valores NULL. [C:\Users\cvida\source\framework\app_console\src\AgentOps.Application\AgentOps.Application.csproj]
C:\Users\cvida\source\framework\app_console\src\AgentOps.Application\UseCases\CreateAgentDefinition\AuditEntry.cs(10,23): warning CS8618: El elemento propiedad "EntityId" que no acepta valores NULL debe contener un valor distinto de NULL al salir del constructor. Considere la posibilidad de agregar el modificador "required'"o declarar el propiedad como un valor que acepta valores NULL. [C:\Users\cvida\source\framework\app_console\src\AgentOps.Application\AgentOps.Application.csproj]
C:\Users\cvida\source\framework\app_console\src\AgentOps.Application\UseCases\CreateAgentDefinition\AuditEntry.cs(11,23): warning CS8618: El elemento propiedad "Status" que no acepta valores NULL debe contener un valor distinto de NULL al salir del constructor. Considere la posibilidad de agregar el modificador "required'"o declarar el propiedad como un valor que acepta valores NULL. [C:\Users\cvida\source\framework\app_console\src\AgentOps.Application\AgentOps.Application.csproj]
C:\Users\cvida\source\framework\app_console\src\AgentOps.Application\UseCases\CreateAgentDefinition\AuditEntry.cs(12,23): warning CS8618: El elemento propiedad "Details" que no acepta valores NULL debe contener un valor distinto de NULL al salir del constructor. Considere la posibilidad de agregar el modificador "required'"o declarar el propiedad como un valor que acepta valores NULL. [C:\Users\cvida\source\framework\app_console\src\AgentOps.Application\AgentOps.Application.csproj]
C:\Users\cvida\source\framework\app_console\src\AgentOps.Application\UseCases\CreateAgentDefinition\CreateAgentDefinitionResponse.cs(7,23): warning CS8618: El elemento propiedad "AgentId" que no acepta valores NULL debe contener un valor distinto de NULL al salir del constructor. Considere la posibilidad de agregar el modificador "required'"o declarar el propiedad como un valor que acepta valores NULL. [C:\Users\cvida\source\framework\app_console\src\AgentOps.Application\AgentOps.Application.csproj]
C:\Users\cvida\source\framework\app_console\src\AgentOps.Application\UseCases\CreateAgentDefinition\CreateAgentDefinitionResponse.cs(8,23): warning CS8618: El elemento propiedad "SavedPath" que no acepta valores NULL debe contener un valor distinto de NULL al salir del constructor. Considere la posibilidad de agregar el modificador "required'"o declarar el propiedad como un valor que acepta valores NULL. [C:\Users\cvida\source\framework\app_console\src\AgentOps.Application\AgentOps.Application.csproj]
C:\Users\cvida\source\framework\app_console\src\AgentOps.Application\UseCases\CreateAgentDefinition\CreateAgentDefinitionResponse.cs(9,23): warning CS8618: El elemento propiedad "AuditId" que no acepta valores NULL debe contener un valor distinto de NULL al salir del constructor. Considere la posibilidad de agregar el modificador "required'"o declarar el propiedad como un valor que acepta valores NULL. [C:\Users\cvida\source\framework\app_console\src\AgentOps.Application\AgentOps.Application.csproj]
C:\Users\cvida\source\framework\app_console\src\AgentOps.Application\UseCases\CreateAgentDefinition\CreateAgentDefinitionResponse.cs(10,23): warning CS8618: El elemento propiedad "Status" que no acepta valores NULL debe contener un valor distinto de NULL al salir del constructor. Considere la posibilidad de agregar el modificador "required'"o declarar el propiedad como un valor que acepta valores NULL. [C:\Users\cvida\source\framework\app_console\src\AgentOps.Application\AgentOps.Application.csproj]
C:\Users\cvida\source\framework\app_console\src\AgentOps.Application\UseCases\CreateAgentDefinition\CreateAgentDefinitionRequest.cs(8,23): warning CS8618: El elemento propiedad "Name" que no acepta valores NULL debe contener un valor distinto de NULL al salir del constructor. Considere la posibilidad de agregar el modificador "required'"o declarar el propiedad como un valor que acepta valores NULL. [C:\Users\cvida\source\framework\app_console\src\AgentOps.Application\AgentOps.Application.csproj]
C:\Users\cvida\source\framework\app_console\src\AgentOps.Application\UseCases\CreateAgentDefinition\CreateAgentDefinitionRequest.cs(9,23): warning CS8618: El elemento propiedad "Description" que no acepta valores NULL debe contener un valor distinto de NULL al salir del constructor. Considere la posibilidad de agregar el modificador "required'"o declarar el propiedad como un valor que acepta valores NULL. [C:\Users\cvida\source\framework\app_console\src\AgentOps.Application\AgentOps.Application.csproj]
C:\Users\cvida\source\framework\app_console\src\AgentOps.Application\UseCases\CreateAgentDefinition\CreateAgentDefinitionRequest.cs(10,23): warning CS8618: El elemento propiedad "Purpose" que no acepta valores NULL debe contener un valor distinto de NULL al salir del constructor. Considere la posibilidad de agregar el modificador "required'"o declarar el propiedad como un valor que acepta valores NULL. [C:\Users\cvida\source\framework\app_console\src\AgentOps.Application\AgentOps.Application.csproj]
C:\Users\cvida\source\framework\app_console\src\AgentOps.Application\UseCases\CreateAgentDefinition\CreateAgentDefinitionRequest.cs(11,29): warning CS8618: El elemento propiedad "Rules" que no acepta valores NULL debe contener un valor distinto de NULL al salir del constructor. Considere la posibilidad de agregar el modificador "required'"o declarar el propiedad como un valor que acepta valores NULL. [C:\Users\cvida\source\framework\app_console\src\AgentOps.Application\AgentOps.Application.csproj]
C:\Users\cvida\source\framework\app_console\src\AgentOps.Application\UseCases\CreateAgentDefinition\CreateAgentDefinitionRequest.cs(12,29): warning CS8618: El elemento propiedad "Tools" que no acepta valores NULL debe contener un valor distinto de NULL al salir del constructor. Considere la posibilidad de agregar el modificador "required'"o declarar el propiedad como un valor que acepta valores NULL. [C:\Users\cvida\source\framework\app_console\src\AgentOps.Application\AgentOps.Application.csproj]
C:\Users\cvida\source\framework\app_console\src\AgentOps.Application\Governance\ValidateAgentCommandHandler.cs(141,16): error CS0103: El nombre '_yamlDeserializer' no existe en el contexto actual [C:\Users\cvida\source\framework\app_console\src\AgentOps.Application\AgentOps.Application.csproj]
C:\Users\cvida\source\framework\app_console\src\AgentOps.Application\UseCases\EvaluateAgentBehavior\Evaluators\ConsistencyAnalyzer.cs(44,55): warning CS8604: Posible argumento de referencia nulo para el par├ímetro "source" en "bool Enumerable.Any<string>(IEnumerable<string> source)". [C:\Users\cvida\source\framework\app_console\src\AgentOps.Application\AgentOps.Application.csproj]
C:\Users\cvida\source\framework\app_console\src\AgentOps.Application\Governance\AgentJsonDeserializer.cs(164,29): error CS0117: 'GovernanceException' no contiene una definici├│n para 'Rule' [C:\Users\cvida\source\framework\app_console\src\AgentOps.Application\AgentOps.Application.csproj]
C:\Users\cvida\source\framework\app_console\src\AgentOps.Application\Governance\AgentJsonDeserializer.cs(167,29): error CS0117: 'GovernanceException' no contiene una definici├│n para 'CreatedAt' [C:\Users\cvida\source\framework\app_console\src\AgentOps.Application\AgentOps.Application.csproj]
C:\Users\cvida\source\framework\app_console\src\AgentOps.Application\Governance\AgentJsonDeserializer.cs(182,29): error CS0117: 'AgentId' no contiene una definici├│n para 'FromString' [C:\Users\cvida\source\framework\app_console\src\AgentOps.Application\AgentOps.Application.csproj]

ERROR al compilar.

C:\Users\cvida\source\framework\app_console\src\AgentOps.Infrastructure\AgentOps.Infrastructure.csproj : warning NU1603: AgentOps.Infrastructure depends on YamlDotNet (>= 12.1.2) but YamlDotNet 12.1.2 was not found. YamlDotNet 12.2.0 was resolved instead. [C:\Users\cvida\source\framework\app_console\AgentOps.Console.sln]
C:\Users\cvida\source\framework\app_console\tests\AgentOps.Infrastructure.Tests\AgentOps.Infrastructure.Tests.csproj : warning NU1603: AgentOps.Infrastructure depends on YamlDotNet (>= 12.1.2) but YamlDotNet 12.1.2 was not found. YamlDotNet 12.2.0 was resolved instead. [C:\Users\cvida\source\framework\app_console\AgentOps.Console.sln]
C:\Users\cvida\source\framework\app_console\tests\AgentOps.Infrastructure.Tests\AgentOps.Infrastructure.Tests.csproj : warning NU1603: AgentOps.Infrastructure depends on YamlDotNet (>= 12.1.2) but YamlDotNet 12.1.2 was not found. YamlDotNet 12.2.0 was resolved instead.
C:\Users\cvida\source\framework\app_console\src\AgentOps.Infrastructure\AgentOps.Infrastructure.csproj : warning NU1603: AgentOps.Infrastructure depends on YamlDotNet (>= 12.1.2) but YamlDotNet 12.1.2 was not found. YamlDotNet 12.2.0 was resolved instead.
C:\Users\cvida\source\framework\app_console\src\AgentOps.Application\UseCases\CreateAgentDefinition\AuditEntry.cs(8,23): warning CS8618: El elemento propiedad "Action" que no acepta valores NULL debe contener un valor distinto de NULL al salir del constructor. Considere la posibilidad de agregar el modificador "required'"o declarar el propiedad como un valor que acepta valores NULL. [C:\Users\cvida\source\framework\app_console\src\AgentOps.Application\AgentOps.Application.csproj]
C:\Users\cvida\source\framework\app_console\src\AgentOps.Application\UseCases\CreateAgentDefinition\AuditEntry.cs(9,23): warning CS8618: El elemento propiedad "EntityType" que no acepta valores NULL debe contener un valor distinto de NULL al salir del constructor. Considere la posibilidad de agregar el modificador "required'"o declarar el propiedad como un valor que acepta valores NULL. [C:\Users\cvida\source\framework\app_console\src\AgentOps.Application\AgentOps.Application.csproj]
C:\Users\cvida\source\framework\app_console\src\AgentOps.Application\UseCases\CreateAgentDefinition\AuditEntry.cs(10,23): warning CS8618: El elemento propiedad "EntityId" que no acepta valores NULL debe contener un valor distinto de NULL al salir del constructor. Considere la posibilidad de agregar el modificador "required'"o declarar el propiedad como un valor que acepta valores NULL. [C:\Users\cvida\source\framework\app_console\src\AgentOps.Application\AgentOps.Application.csproj]
C:\Users\cvida\source\framework\app_console\src\AgentOps.Application\UseCases\CreateAgentDefinition\AuditEntry.cs(11,23): warning CS8618: El elemento propiedad "Status" que no acepta valores NULL debe contener un valor distinto de NULL al salir del constructor. Considere la posibilidad de agregar el modificador "required'"o declarar el propiedad como un valor que acepta valores NULL. [C:\Users\cvida\source\framework\app_console\src\AgentOps.Application\AgentOps.Application.csproj]
C:\Users\cvida\source\framework\app_console\src\AgentOps.Application\UseCases\CreateAgentDefinition\AuditEntry.cs(12,23): warning CS8618: El elemento propiedad "Details" que no acepta valores NULL debe contener un valor distinto de NULL al salir del constructor. Considere la posibilidad de agregar el modificador "required'"o declarar el propiedad como un valor que acepta valores NULL. [C:\Users\cvida\source\framework\app_console\src\AgentOps.Application\AgentOps.Application.csproj]
C:\Users\cvida\source\framework\app_console\src\AgentOps.Application\UseCases\CreateAgentDefinition\CreateAgentDefinitionResponse.cs(7,23): warning CS8618: El elemento propiedad "AgentId" que no acepta valores NULL debe contener un valor distinto de NULL al salir del constructor. Considere la posibilidad de agregar el modificador "required'"o declarar el propiedad como un valor que acepta valores NULL. [C:\Users\cvida\source\framework\app_console\src\AgentOps.Application\AgentOps.Application.csproj]
C:\Users\cvida\source\framework\app_console\src\AgentOps.Application\UseCases\CreateAgentDefinition\CreateAgentDefinitionResponse.cs(8,23): warning CS8618: El elemento propiedad "SavedPath" que no acepta valores NULL debe contener un valor distinto de NULL al salir del constructor. Considere la posibilidad de agregar el modificador "required'"o declarar el propiedad como un valor que acepta valores NULL. [C:\Users\cvida\source\framework\app_console\src\AgentOps.Application\AgentOps.Application.csproj]
C:\Users\cvida\source\framework\app_console\src\AgentOps.Application\UseCases\CreateAgentDefinition\CreateAgentDefinitionResponse.cs(9,23): warning CS8618: El elemento propiedad "AuditId" que no acepta valores NULL debe contener un valor distinto de NULL al salir del constructor. Considere la posibilidad de agregar el modificador "required'"o declarar el propiedad como un valor que acepta valores NULL. [C:\Users\cvida\source\framework\app_console\src\AgentOps.Application\AgentOps.Application.csproj]
C:\Users\cvida\source\framework\app_console\src\AgentOps.Application\UseCases\CreateAgentDefinition\CreateAgentDefinitionResponse.cs(10,23): warning CS8618: El elemento propiedad "Status" que no acepta valores NULL debe contener un valor distinto de NULL al salir del constructor. Considere la posibilidad de agregar el modificador "required'"o declarar el propiedad como un valor que acepta valores NULL. [C:\Users\cvida\source\framework\app_console\src\AgentOps.Application\AgentOps.Application.csproj]
C:\Users\cvida\source\framework\app_console\src\AgentOps.Application\UseCases\CreateAgentDefinition\CreateAgentDefinitionRequest.cs(8,23): warning CS8618: El elemento propiedad "Name" que no acepta valores NULL debe contener un valor distinto de NULL al salir del constructor. Considere la posibilidad de agregar el modificador "required'"o declarar el propiedad como un valor que acepta valores NULL. [C:\Users\cvida\source\framework\app_console\src\AgentOps.Application\AgentOps.Application.csproj]
C:\Users\cvida\source\framework\app_console\src\AgentOps.Application\UseCases\CreateAgentDefinition\CreateAgentDefinitionRequest.cs(9,23): warning CS8618: El elemento propiedad "Description" que no acepta valores NULL debe contener un valor distinto de NULL al salir del constructor. Considere la posibilidad de agregar el modificador "required'"o declarar el propiedad como un valor que acepta valores NULL. [C:\Users\cvida\source\framework\app_console\src\AgentOps.Application\AgentOps.Application.csproj]
C:\Users\cvida\source\framework\app_console\src\AgentOps.Application\UseCases\CreateAgentDefinition\CreateAgentDefinitionRequest.cs(10,23): warning CS8618: El elemento propiedad "Purpose" que no acepta valores NULL debe contener un valor distinto de NULL al salir del constructor. Considere la posibilidad de agregar el modificador "required'"o declarar el propiedad como un valor que acepta valores NULL. [C:\Users\cvida\source\framework\app_console\src\AgentOps.Application\AgentOps.Application.csproj]
C:\Users\cvida\source\framework\app_console\src\AgentOps.Application\UseCases\CreateAgentDefinition\CreateAgentDefinitionRequest.cs(11,29): warning CS8618: El elemento propiedad "Rules" que no acepta valores NULL debe contener un valor distinto de NULL al salir del constructor. Considere la posibilidad de agregar el modificador "required'"o declarar el propiedad como un valor que acepta valores NULL. [C:\Users\cvida\source\framework\app_console\src\AgentOps.Application\AgentOps.Application.csproj]
C:\Users\cvida\source\framework\app_console\src\AgentOps.Application\UseCases\CreateAgentDefinition\CreateAgentDefinitionRequest.cs(12,29): warning CS8618: El elemento propiedad "Tools" que no acepta valores NULL debe contener un valor distinto de NULL al salir del constructor. Considere la posibilidad de agregar el modificador "required'"o declarar el propiedad como un valor que acepta valores NULL. [C:\Users\cvida\source\framework\app_console\src\AgentOps.Application\AgentOps.Application.csproj]
C:\Users\cvida\source\framework\app_console\src\AgentOps.Application\UseCases\EvaluateAgentBehavior\Evaluators\ConsistencyAnalyzer.cs(44,55): warning CS8604: Posible argumento de referencia nulo para el par├ímetro "source" en "bool Enumerable.Any<string>(IEnumerable<string> source)". [C:\Users\cvida\source\framework\app_console\src\AgentOps.Application\AgentOps.Application.csproj]
C:\Users\cvida\source\framework\app_console\src\AgentOps.Application\Governance\ValidateAgentCommandHandler.cs(141,16): error CS0103: El nombre '_yamlDeserializer' no existe en el contexto actual [C:\Users\cvida\source\framework\app_console\src\AgentOps.Application\AgentOps.Application.csproj]
C:\Users\cvida\source\framework\app_console\src\AgentOps.Application\Governance\AgentJsonDeserializer.cs(164,29): error CS0117: 'GovernanceException' no contiene una definici├│n para 'Rule' [C:\Users\cvida\source\framework\app_console\src\AgentOps.Application\AgentOps.Application.csproj]
C:\Users\cvida\source\framework\app_console\src\AgentOps.Application\Governance\AgentJsonDeserializer.cs(167,29): error CS0117: 'GovernanceException' no contiene una definici├│n para 'CreatedAt' [C:\Users\cvida\source\framework\app_console\src\AgentOps.Application\AgentOps.Application.csproj]
C:\Users\cvida\source\framework\app_console\src\AgentOps.Application\Governance\AgentJsonDeserializer.cs(182,29): error CS0117: 'AgentId' no contiene una definici├│n para 'FromString' [C:\Users\cvida\source\framework\app_console\src\AgentOps.Application\AgentOps.Application.csproj]
    19 Advertencia(s)
    4 Errores

Tiempo transcurrido 00:00:02.13
